{
  "documents": [
    {
      "abstract": "The invention relates to an apparatus (1) for manufacturing green bricks from clay for the brick manufacturing industry, comprising a circulating conveyor (3) carrying mould containers combined to mould container parts (4), a reservoir (5) for clay arranged above the mould containers, means for carrying clay out of the reservoir (5) into the mould containers, means (9) for pressing and trimming clay in the mould containers, means (11) for supplying and placing take-off plates for the green bricks (13) and means for discharging green bricks released from the mould containers, characterized in that the apparatus further comprises means (22) for moving the mould container parts (4) filled with green bricks such that a protruding edge is formed on at least one side of the green bricks. <IMAGE>",
      "country": "EP",
      "doc_number": "1000000",
      "kind": "A1",
      "publication_number": "EP1000000A1",
      "publication_reference_docdb": {
        "country": "EP",
        "date": "2000-05-17",
        "doc_type": "country",
        "id_type": "docdb",
        "kind": "A1",
        "number": "1000000"
      },
      "publication_reference_epodoc": {
        "date": "2000-05-17",
        "doc_type": "doc",
        "id_type": "epodoc",
        "number": "EP1000000"
      }
    }
  ]
}
